OziExplorer Map Data File Version 2.2
Photo_LIDAR_Lake_Overlay
D:\The Lost Grove Lake Project\New Layers 2015\Finished_Maps\Photo_LIDAR_Lake_Overlay.tif
1 ,Map Code,
WGS 84,,   0.0000,   0.0000,WGS 84
Reserved 1
Reserved 2
Magnetic Variation,,,E
Map Projection,(UTM) Universal Transverse Mercator,PolyCal,No,AutoCalOnly,No,BSBUseWPX,No
Point01,xy,    0,    0,in, deg,    ,        ,,    ,        ,, grid, 15,     708800,    4618300,N
Point02,xy, 5000, 3000,in, deg,    ,        ,,    ,        ,, grid, 15,     713800,    4615300,N
Point03,xy,     ,     ,in, deg,    ,        ,,    ,        ,, grid,   ,           ,           ,
Point04,xy,     ,     ,in, deg,    ,        ,,    ,        ,, grid,   ,           ,           ,
Point05,xy,     ,     ,in, deg,    ,        ,,    ,        ,, grid,   ,           ,           ,
Point06,xy,     ,     ,in, deg,    ,        ,,    ,        ,, grid,   ,           ,           ,
Point07,xy,     ,     ,in, deg,    ,        ,,    ,        ,, grid,   ,           ,           ,
Point08,xy,     ,     ,in, deg,    ,        ,,    ,        ,, grid,   ,           ,           ,
Point09,xy,     ,     ,in, deg,    ,        ,,    ,        ,, grid,   ,           ,           ,
Point10,xy,     ,     ,in, deg,    ,        ,,    ,        ,, grid,   ,           ,           ,
Point11,xy,     ,     ,in, deg,    ,        ,,    ,        ,, grid,   ,           ,           ,
Point12,xy,     ,     ,in, deg,    ,        ,,    ,        ,, grid,   ,           ,           ,
Point13,xy,     ,     ,in, deg,    ,        ,,    ,        ,, grid,   ,           ,           ,
Point14,xy,     ,     ,in, deg,    ,        ,,    ,        ,, grid,   ,           ,           ,
Point15,xy,     ,     ,in, deg,    ,        ,,    ,        ,, grid,   ,           ,           ,
Point16,xy,     ,     ,in, deg,    ,        ,,    ,        ,, grid,   ,           ,           ,
Point17,xy,     ,     ,in, deg,    ,        ,,    ,        ,, grid,   ,           ,           ,
Point18,xy,     ,     ,in, deg,    ,        ,,    ,        ,, grid,   ,           ,           ,
Point19,xy,     ,     ,in, deg,    ,        ,,    ,        ,, grid,   ,           ,           ,
Point20,xy,     ,     ,in, deg,    ,        ,,    ,        ,, grid,   ,           ,           ,
Point21,xy,     ,     ,in, deg,    ,        ,,    ,        ,, grid,   ,           ,           ,
Point22,xy,     ,     ,in, deg,    ,        ,,    ,        ,, grid,   ,           ,           ,
Point23,xy,     ,     ,in, deg,    ,        ,,    ,        ,, grid,   ,           ,           ,
Point24,xy,     ,     ,in, deg,    ,        ,,    ,        ,, grid,   ,           ,           ,
Point25,xy,     ,     ,in, deg,    ,        ,,    ,        ,, grid,   ,           ,           ,
Point26,xy,     ,     ,in, deg,    ,        ,,    ,        ,, grid,   ,           ,           ,
Point27,xy,     ,     ,in, deg,    ,        ,,    ,        ,, grid,   ,           ,           ,
Point28,xy,     ,     ,in, deg,    ,        ,,    ,        ,, grid,   ,           ,           ,
Point29,xy,     ,     ,in, deg,    ,        ,,    ,        ,, grid,   ,           ,           ,
Point30,xy,     ,     ,in, deg,    ,        ,,    ,        ,, grid,   ,           ,           ,
Projection Setup,     0.000000000,   -93.000000000,     0.999600000,            0.00,            0.00,,,,,
Map Feature = MF ; Map Comment = MC     These follow if they exist
Track File = TF      These follow if they exist
Moving Map Parameters = MM?    These follow if they exist
MM0,Yes
MMPNUM,4
MMPXY,1,0,0
MMPXY,2,5000,0
MMPXY,3,5000,3000
MMPXY,4,0,3000
MMPLL,1, -90.491070,  41.689100
MMPLL,2, -90.431046,  41.687773
MMPLL,3, -90.432120,  41.660780
MMPLL,4, -90.492119,  41.662106
MM1B,1.000025
MOP,Map Open Position,0,0
MOPLL,Map Open Position,0.0000000,0.0000000,100
IWH,Map Image Width/Height,5000,3000
MLP,Map Last Position,41.6759566,-90.4573080,33
